22:39:37 **** Incremental Build of configuration Debug for project BaseEcho_Echo ****
make pre-build main-build 
a9-linaro-pre-build-step
 
Building file: ../src/echo.c
Invoking: ARM v7 gcc compiler
arm-none-eabi-gcc -Wall -O0 -g3 -c -fmessage-length=0 -MT"src/echo.o" -mcpu=cortex-a9 -mfpu=vfpv3 -mfloat-abi=hard -I../../BaseEcho_Echo_bsp/ps7_cortexa9_0/include -MMD -MP -MF"src/echo.d" -MT"src/echo.o" -o "src/echo.o" "../src/echo.c"
Finished building: ../src/echo.c
 
Building file: ../src/main.c
Invoking: ARM v7 gcc compiler
arm-none-eabi-gcc -Wall -O0 -g3 -c -fmessage-length=0 -MT"src/main.o" -mcpu=cortex-a9 -mfpu=vfpv3 -mfloat-abi=hard -I../../BaseEcho_Echo_bsp/ps7_cortexa9_0/include -MMD -MP -MF"src/main.d" -MT"src/main.o" -o "src/main.o" "../src/main.c"
Finished building: ../src/main.c
 
Building file: ../src/platform.c
Invoking: ARM v7 gcc compiler
arm-none-eabi-gcc -Wall -O0 -g3 -c -fmessage-length=0 -MT"src/platform.o" -mcpu=cortex-a9 -mfpu=vfpv3 -mfloat-abi=hard -I../../BaseEcho_Echo_bsp/ps7_cortexa9_0/include -MMD -MP -MF"src/platform.d" -MT"src/platform.o" -o "src/platform.o" "../src/platform.c"
Finished building: ../src/platform.c
 
Building target: BaseEcho_Echo.elf
Invoking: ARM v7 gcc linker
arm-none-eabi-gcc -mcpu=cortex-a9 -mfpu=vfpv3 -mfloat-abi=hard -Wl,-build-id=none -specs=Xilinx.spec -Wl,-T -Wl,../src/lscript.ld -L../../BaseEcho_Echo_bsp/ps7_cortexa9_0/lib -o "BaseEcho_Echo.elf"  ./src/echo.o ./src/main.o ./src/platform.o   -Wl,--start-group,-lxil,-lgcc,-lc,--end-group -Wl,--start-group,-lxil,-llwip4,-lgcc,-lc,--end-group
Finished building target: BaseEcho_Echo.elf
 
Invoking: ARM v7 Print Size
arm-none-eabi-size BaseEcho_Echo.elf  |tee "BaseEcho_Echo.elf.size"
   text	   data	    bss	    dec	    hex	filename
  96772	   3836	2138416	2239024	 222a30	BaseEcho_Echo.elf
Finished building: BaseEcho_Echo.elf.size
 

22:39:39 Build Finished (took 1s.402ms)

