20:13:41 **** Build of configuration Debug for project RoverClient_ConnManager ****
make pre-build main-build 
a9-linaro-pre-build-step
 
Building file: ../src/client.c
Invoking: ARM v7 gcc compiler
arm-none-eabi-gcc -Wall -O0 -g3 -c -fmessage-length=0 -MT"src/client.o" -mcpu=cortex-a9 -mfpu=vfpv3 -mfloat-abi=hard -I../../RoverClient_bsp/ps7_cortexa9_0/include -MMD -MP -MF"src/client.d" -MT"src/client.o" -o "src/client.o" "../src/client.c"
Finished building: ../src/client.c
 
Building file: ../src/main.c
Invoking: ARM v7 gcc compiler
arm-none-eabi-gcc -Wall -O0 -g3 -c -fmessage-length=0 -MT"src/main.o" -mcpu=cortex-a9 -mfpu=vfpv3 -mfloat-abi=hard -I../../RoverClient_bsp/ps7_cortexa9_0/include -MMD -MP -MF"src/main.d" -MT"src/main.o" -o "src/main.o" "../src/main.c"
Finished building: ../src/main.c
 
Building file: ../src/platform.c
Invoking: ARM v7 gcc compiler
arm-none-eabi-gcc -Wall -O0 -g3 -c -fmessage-length=0 -MT"src/platform.o" -mcpu=cortex-a9 -mfpu=vfpv3 -mfloat-abi=hard -I../../RoverClient_bsp/ps7_cortexa9_0/include -MMD -MP -MF"src/platform.d" -MT"src/platform.o" -o "src/platform.o" "../src/platform.c"
Finished building: ../src/platform.c
 
Building target: RoverClient_ConnManager.elf
Invoking: ARM v7 gcc linker
arm-none-eabi-gcc -mcpu=cortex-a9 -mfpu=vfpv3 -mfloat-abi=hard -Wl,-build-id=none -specs=Xilinx.spec -Wl,-T -Wl,../src/lscript.ld -L../../RoverClient_bsp/ps7_cortexa9_0/lib -o "RoverClient_ConnManager.elf"  ./src/client.o ./src/main.o ./src/platform.o   -Wl,--start-group,-lxil,-lgcc,-lc,--end-group -Wl,--start-group,-lxilffs,-lxil,-lgcc,-lc,--end-group -Wl,--start-group,-lrsa,-lxil,-lgcc,-lc,--end-group -Wl,--start-group,-lxil,-llwip4,-lgcc,-lc,--end-group
Finished building target: RoverClient_ConnManager.elf
 
Invoking: ARM v7 Print Size
arm-none-eabi-size RoverClient_ConnManager.elf  |tee "RoverClient_ConnManager.elf.size"
   text	   data	    bss	    dec	    hex	filename
  96772	   3836	2152752	2253360	 226230	RoverClient_ConnManager.elf
Finished building: RoverClient_ConnManager.elf.size
 

20:13:43 Build Finished (took 1s.503ms)

