#-----------------------------------------------------------
# Vivado v2017.3.1 (64-bit)
# SW Build 2035080 on Fri Oct 20 14:20:01 MDT 2017
# IP Build 2034413 on Fri Oct 20 15:56:25 MDT 2017
# Start of session at: Thu Jan 25 22:20:06 2018
# Process ID: 18196
# Current directory: G:/XILINX/EchoSmall
# Command line: vivado.exe -gui_launcher_event rodinguilauncherevent18408 G:\XILINX\EchoSmall\EchoSmall.xpr
# Log file: G:/XILINX/EchoSmall/vivado.log
# Journal file: G:/XILINX/EchoSmall\vivado.jou
#-----------------------------------------------------------
start_gui
open_project G:/XILINX/EchoSmall/EchoSmall.xpr
update_compile_order -fileset sources_1
update_module_reference BaseSystem_Buttons2LEDs_0_1
reset_run synth_1
launch_runs impl_1 -to_step write_bitstream -jobs 8
wait_on_run impl_1
file copy -force G:/XILINX/EchoSmall/EchoSmall.runs/impl_1/BaseSystem_wrapper.sysdef G:/XILINX/EchoSmall/EchoSmall.sdk/BaseSystem_wrapper.hdf

launch_sdk -workspace G:/XILINX/EchoSmall/EchoSmall.sdk -hwspec G:/XILINX/EchoSmall/EchoSmall.sdk/BaseSystem_wrapper.hdf
